
> flex-zone@0.0.0 build
> vite build

[36mvite v7.2.7 [32mbuilding client environment for production...[36m[39m
transforming...
npm : Circular dependency: 
node_modules/@supabase/auth-js/dist/module/lib/webauthn.js -> 
node_modules/@supabase/auth-js/dist/module/lib/webauthn.errors.js -> 
node_modules/@supabase/auth-js/dist/module/lib/webauthn.js
At line:1 char:1
+ npm run build 2>&1 > build-output.txt; gc build-output.txt -Last 25
+ ~~~~~~~~~~~~~~~~~~~~~~~~~~~~~~~~~~~~~
    + CategoryInfo          : NotSpecified: (Circular depend...lib/webauthn.js 
   :String) [], RemoteException
    + FullyQualifiedErrorId : NativeCommandError
 
Circular dependency: node_modules/d3-interpolate/src/value.js -> 
node_modules/d3-interpolate/src/array.js -> 
node_modules/d3-interpolate/src/value.js
Circular dependency: node_modules/d3-interpolate/src/value.js -> 
node_modules/d3-interpolate/src/object.js -> 
node_modules/d3-interpolate/src/value.js
Circular dependency: node_modules/recharts/es6/polar/Pie.js -> 
node_modules/recharts/es6/state/selectors/pieSelectors.js -> 
node_modules/recharts/es6/polar/Pie.js
Circular dependency: node_modules/recharts/es6/polar/Radar.js -> 
node_modules/recharts/es6/state/selectors/radarSelectors.js -> 
node_modules/recharts/es6/polar/Radar.js
Circular dependency: node_modules/recharts/es6/polar/RadialBar.js -> 
node_modules/recharts/es6/state/selectors/radialBarSelectors.js -> 
node_modules/recharts/es6/polar/RadialBar.js
Circular dependency: node_modules/recharts/es6/cartesian/Line.js -> 
node_modules/recharts/es6/state/selectors/lineSelectors.js -> 
node_modules/recharts/es6/cartesian/Line.js
Circular dependency: node_modules/recharts/es6/cartesian/Area.js -> 
node_modules/recharts/es6/state/selectors/areaSelectors.js -> 
node_modules/recharts/es6/cartesian/Area.js
Circular dependency: node_modules/recharts/es6/cartesian/Bar.js -> 
node_modules/recharts/es6/state/selectors/barSelectors.js -> 
node_modules/recharts/es6/cartesian/Bar.js
Circular dependency: node_modules/recharts/es6/cartesian/Scatter.js -> 
node_modules/recharts/es6/state/selectors/scatterSelectors.js -> 
node_modules/recharts/es6/cartesian/Scatter.js
Circular dependency: node_modules/recharts/es6/cartesian/Funnel.js -> 
node_modules/recharts/es6/state/selectors/funnelSelectors.js -> 
node_modules/recharts/es6/cartesian/Funnel.js
[32mΓ£ô[39m 1108 modules transformed.
rendering chunks...
computing gzip size...
[2mdist/[22m[32mindex.html                      [39m[1m[2m    1.13 kB[22m[1m[22m[2m Γöé gzip:   0.52 kB[22m
[2mdist/[22m[35massets/index-CMA1ff6Q.css       [39m[1m[2m   70.04 kB[22m[1m[22m[2m Γöé gzip:  11.85 kB[22m
[2mdist/[22m[36massets/pdfrenderer-DDJjvGiv.js  [39m[1m[2m    0.48 kB[22m[1m[22m[2m Γöé gzip:   0.32 kB[22m
[2mdist/[22m[36massets/purify.es-BjH33OFL.js    [39m[1m[2m   22.93 kB[22m[1m[22m[2m Γöé gzip:   8.62 kB[22m
[2mdist/[22m[36massets/index.es-_6uACeLw.js     [39m[1m[2m  156.24 kB[22m[1m[22m[2m Γöé gzip:  51.08 kB[22m
[2mdist/[22m[36massets/html2canvas-CJ7z3xiY.js  [39m[1m[2m  199.08 kB[22m[1m[22m[2m Γöé gzip:  45.95 kB[22m
[2mdist/[22m[36massets/recharts-C2G17Jh9.js     [39m[1m[2m  352.83 kB[22m[1m[22m[2m Γöé gzip: 102.44 kB[22m
[2mdist/[22m[36massets/index-DHwxrnLS.js        [39m[1m[33m1,299.93 kB[39m[22m[2m Γöé gzip: 351.78 kB[22m
[33m
(!) Some chunks are larger than 1000 kB after minification. Consider:
- Using dynamic import() to code-split the application
- Use build.rollupOptions.output.manualChunks to improve chunking: 
https://rollupjs.org/configuration-options/#output-manualchunks
- Adjust chunk size limit for this warning via 
build.chunkSizeWarningLimit.[39m
[32mΓ£ô built in 24.28s[39m
